// Jest Snapshot v1, https://goo.gl/fbAQLP

exports[`renders 1`] = `
<ContentPane
  primaryAreaChildren={
    <React.Fragment>
      <h1>
        Tokens
      </h1>
      <Frame
        colors={
          Object {
            "accounts": Object {
              "background": "#0c163d",
              "foreground": "#ffffff",
              "hintColor": "#ffffff99",
              "iconBackground": "#3b6cf4",
              "legalOfficerIcon": Object {
                "category": "legal-officer",
                "id": "account-shield",
              },
            },
            "bottomMenuItems": Object {
              "iconGradient": Object {
                "from": "#7a90cb",
                "to": "#3b6cf4",
              },
            },
            "buttons": Object {
              "secondaryBackgroundColor": "#0c163d",
            },
            "dashboard": Object {
              "background": "#0c163d",
              "foreground": "#ffffff",
            },
            "frame": Object {
              "background": "#152665",
              "foreground": "#ffffff",
              "link": "#ffffff",
            },
            "shadowColor": "#3b6cf433",
            "sidebar": Object {
              "activeItemBackground": "#ffffff0f",
              "background": "#152665",
              "foreground": "#ffffff",
            },
            "topMenuItems": Object {
              "iconGradient": Object {
                "from": "#3b6cf4",
                "to": "#6050dc",
              },
            },
            "type": "dark",
          }
        }
      >
        <MyTokens />
        <Tokenization />
        <RefreshRequestsButton />
        <PendingTokenizationRequests />
      </Frame>
    </React.Fragment>
  }
  secondaryAreaChildren={
    <React.Fragment>
      <Frame
        colors={
          Object {
            "accounts": Object {
              "background": "#0c163d",
              "foreground": "#ffffff",
              "hintColor": "#ffffff99",
              "iconBackground": "#3b6cf4",
              "legalOfficerIcon": Object {
                "category": "legal-officer",
                "id": "account-shield",
              },
            },
            "bottomMenuItems": Object {
              "iconGradient": Object {
                "from": "#7a90cb",
                "to": "#3b6cf4",
              },
            },
            "buttons": Object {
              "secondaryBackgroundColor": "#0c163d",
            },
            "dashboard": Object {
              "background": "#0c163d",
              "foreground": "#ffffff",
            },
            "frame": Object {
              "background": "#152665",
              "foreground": "#ffffff",
              "link": "#ffffff",
            },
            "shadowColor": "#3b6cf433",
            "sidebar": Object {
              "activeItemBackground": "#ffffff0f",
              "background": "#152665",
              "foreground": "#ffffff",
            },
            "topMenuItems": Object {
              "iconGradient": Object {
                "from": "#3b6cf4",
                "to": "#6050dc",
              },
            },
            "type": "dark",
          }
        }
      >
        <h2>
          History
        </h2>
        <AcceptedTokenizationRequests />
        <RejectedTokenizationRequests />
      </Frame>
    </React.Fragment>
  }
/>
`;
