// Jest Snapshot v1, https://goo.gl/fbAQLP

exports[`renders 1`] = `
<React.Fragment>
  <Tokenization />
  <RefreshRequestsButton />
  <PendingTokenizationRequests />
  <AcceptedTokenizationRequests />
  <RejectedTokenizationRequests />
</React.Fragment>
`;
