// Jest Snapshot v1, https://goo.gl/fbAQLP

exports[`Renders accepted requests 1`] = `
<React.Fragment>
  <h1>
    Accepted Tokenization Requests
  </h1>
  <ForwardRef
    bordered={true}
    striped={true}
  >
    <thead>
      <tr>
        <th>
          Requester
        </th>
        <th>
          Token
        </th>
        <th>
          Bars
        </th>
        <th>
          Timestamp
        </th>
      </tr>
    </thead>
    <tbody>
      <tr>
        <td>
          5Ew3MyB15VprZrjQVkpQFj8okmc9xLDSEdNhqMMS5cXsqxoW
        </td>
        <td>
          TOKEN1
        </td>
        <td>
          1
        </td>
        <td>
          
        </td>
      </tr>
    </tbody>
  </ForwardRef>
</React.Fragment>
`;

exports[`Renders null with no data 1`] = `null`;
