// Jest Snapshot v1, https://goo.gl/fbAQLP

exports[`renders 1`] = `
<LegalOfficerContextProvider
  legalOfficerAddress="5GrwvaEF5zXb26Fz9rcQpDWS57CtERHpNehXCPcNoHGKutQY"
>
  <PendingTokenizationRequests />
</LegalOfficerContextProvider>
`;
