// Jest Snapshot v1, https://goo.gl/fbAQLP

exports[`Renders null with no data 1`] = `null`;

exports[`Renders pending requests 1`] = `
<React.Fragment>
  <h1>
    Pending Tokenization Requests
  </h1>
  <ForwardRef
    bordered={true}
    striped={true}
  >
    <thead>
      <tr>
        <th>
          Requester
        </th>
        <th>
          Token
        </th>
        <th>
          Bars
        </th>
        <th>
          Actions
        </th>
      </tr>
    </thead>
    <tbody>
      <tr>
        <td>
          5Ew3MyB15VprZrjQVkpQFj8okmc9xLDSEdNhqMMS5cXsqxoW
        </td>
        <td>
          TOKEN1
        </td>
        <td>
          1
        </td>
        <td>
          <ButtonGroup
            aria-label="actions"
            role="group"
            toggle={false}
            vertical={false}
          >
            <Button
              active={false}
              data-testid="reject-1"
              disabled={false}
              onClick={[Function]}
              variant="danger"
            >
              X
            </Button>
          </ButtonGroup>
        </td>
      </tr>
    </tbody>
  </ForwardRef>
  <Modal
    animation={true}
    autoFocus={true}
    backdrop={true}
    dialogAs={
      Object {
        "$$typeof": Symbol(react.forward_ref),
        "render": [Function],
      }
    }
    enforceFocus={true}
    keyboard={true}
    onHide={[Function]}
    restoreFocus={true}
    show={false}
  >
    <ModalHeader
      closeButton={true}
      closeLabel="Close"
    >
      <ModalTitle>
        Rejecting 
      </ModalTitle>
    </ModalHeader>
    <ModalBody>
      <FormGroup
        controlId="exampleForm.ControlTextarea1"
      >
        <FormLabel
          column={false}
          srOnly={false}
        >
          Reason
        </FormLabel>
        <FormControl
          as="textarea"
          data-testid="reason"
          onChange={[Function]}
          rows={3}
          value=""
        />
      </FormGroup>
    </ModalBody>
    <ModalFooter>
      <Button
        active={false}
        disabled={false}
        onClick={[Function]}
        variant="secondary"
      >
        Cancel
      </Button>
      <Button
        active={false}
        data-testid="confirm-reject-null"
        disabled={false}
        onClick={[Function]}
        variant="primary"
      >
        Reject
      </Button>
    </ModalFooter>
  </Modal>
</React.Fragment>
`;
