// Jest Snapshot v1, https://goo.gl/fbAQLP

exports[`Renders null with no data 1`] = `null`;

exports[`Renders with refreshRequests 1`] = `
<Button
  active={false}
  disabled={false}
  onClick={[MockFunction]}
  variant="primary"
>
  Refresh requests
</Button>
`;
