// Jest Snapshot v1, https://goo.gl/fbAQLP

exports[`AddressSwitcher renders 1`] = `
<div
  className="AddressSwitcher light"
  style={
    Object {
      "color": "#000000",
    }
  }
>
  <Dropdown
    navbar={false}
  >
    <DropdownToggle
      id="address-switcher-toggle"
    >
      <div
        className="address-data"
      >
        <AccountAddress
          address={
            Object {
              "address": "5H4MvAsobfZ6bBCDyj5dsrWYLrA8HrRzaqa9p61UXtxMhSCY",
              "isLegalOfficer": false,
              "name": "name authenticated",
              "token": Object {
                "expirationDateTime": "2021-09-10T10:53:00.000Z",
                "value": "token",
              },
            }
          }
          disabled={false}
          hint="Click to select another address"
        />
      </div>
    </DropdownToggle>
    <DropdownMenu
      align="left"
      alignRight={false}
      flip={true}
      style={
        Object {
          "backgroundColor": "eff3fe",
          "boxShadow": "0 0 25px #3b6cf41a",
          "color": "#000000",
        }
      }
    >
      <DropdownItem
        as={
          Object {
            "$$typeof": Symbol(react.forward_ref),
            "render": [Function],
          }
        }
        disabled={false}
        onClick={[Function]}
      >
        <AccountAddress
          address={
            Object {
              "address": "5GrwvaEF5zXb26Fz9rcQpDWS57CtERHpNehXCPcNoHGKutQY",
              "isLegalOfficer": true,
              "name": "name unauthenticated",
            }
          }
          disabled={true}
          login={[Function]}
        />
      </DropdownItem>
      <DropdownItem
        as={
          Object {
            "$$typeof": Symbol(react.forward_ref),
            "render": [Function],
          }
        }
        className="logout"
        disabled={false}
        onClick={[Function]}
        style={
          Object {
            "borderTop": "1px solid #000000",
          }
        }
      >
        <Button
          variant="salmon"
        >
          Log Out
        </Button>
      </DropdownItem>
    </DropdownMenu>
  </Dropdown>
  <Dialog
    actions={
      Array [
        Object {
          "buttonText": "Confirm",
          "buttonVariant": "primary",
          "callback": undefined,
          "id": "confirm",
        },
        Object {
          "buttonText": "Cancel",
          "buttonVariant": "secondary",
          "callback": [Function],
          "id": "cancel",
        },
      ]
    }
    show={false}
    size="lg"
  >
    <p>
      This action will log you off from 
      <strong>
        all
      </strong>
       current connected accounts, do you confirm ?
    </p>
  </Dialog>
</div>
`;
