// Jest Snapshot v1, https://goo.gl/fbAQLP

exports[`renders 1`] = `
<React.Fragment>
  Patrick
  <s
    className=""
    classParentString="Collapsible"
    contentContainerTagName="div"
    contentHiddenWhenClosed={false}
    contentInnerClassName=""
    contentOuterClassName=""
    easing="linear"
    lazyRender={false}
    onClose={[Function]}
    onClosing={[Function]}
    onOpen={[Function]}
    onOpening={[Function]}
    onTriggerClosing={[Function]}
    onTriggerOpening={[Function]}
    open={false}
    openedClassName=""
    overflowWhenOpen="hidden"
    tabIndex={null}
    transitionCloseTime={null}
    transitionTime={400}
    trigger={
      <Button
        active={false}
        disabled={false}
        variant="primary"
      >
        More
      </Button>
    }
    triggerClassName=""
    triggerDisabled={false}
    triggerElementProps={Object {}}
    triggerOpenedClassName=""
    triggerSibling={null}
    triggerStyle={null}
    triggerTagName="span"
  >
    <p>
      Polkadot address: 
      5GrwvaEF5zXb26Fz9rcQpDWS57CtERHpNehXCPcNoHGKutQY
    </p>
    <p>
      Details: 
      <br />
      <span>
        Modero Bruxelles
        <br />
      </span>
      <span>
        Central administration 
        <br />
      </span>
      <span>
        Nijverheidslaan 1
        <br />
      </span>
      <span>
        B - 1853 Grimbergen (Strombeek-Bever)
        <br />
      </span>
      <span>
        Belgium
        <br />
      </span>
    </p>
  </s>
</React.Fragment>
`;
