// Jest Snapshot v1, https://goo.gl/fbAQLP

exports[`renders UUID as decimal 1`] = `
<Cell
  content="147215843976064841756558269764787219979"
/>
`;
