// Jest Snapshot v1, https://goo.gl/fbAQLP

exports[`Login renders 1`] = `
<div
  className="Login"
>
  <AbsoluteLogo />
  <Container
    className="column"
    fluid={false}
  >
    <h1>
      Please authenticate yourself by selecting
      <br />
      one or several accounts below
    </h1>
    <div
      className="chooser"
    >
      <h2>
        The following accounts have been detected:
      </h2>
      <div
        className="accounts-container"
      >
        <div
          className="account"
        >
          <Checkbox
            checked={false}
            setChecked={[Function]}
          />
          <div
            className="icon"
          >
            N
          </div>
          <div
            className="name-address"
          >
            <div
              className="name"
            >
              name unauthenticated
            </div>
            <div
              className="address"
            >
              5GrwvaEF5zXb26Fz9rcQpDWS57CtERHpNehXCPcNoHGKutQY
            </div>
          </div>
        </div>
      </div>
      <Button
        disabled={true}
        onClick={[Function]}
      >
        Log in
      </Button>
    </div>
    <div
      className="node-info"
    >
      <p
        className="name"
      >
        You are currently connected to the following logion node: "
        "
      </p>
      <p
        className="peer-id"
      >
        <img
          alt="node icon"
          src="/assets/node.svg"
        />
        Peer ID: 
      </p>
    </div>
  </Container>
  <div
    className="left-character"
  >
    <img
      alt="men pointing at box"
      src="/assets/login-left-character.svg"
    />
  </div>
  <div
    className="right-character"
  >
    <img
      alt="women holding a loc"
      src="/assets/login-right-character.svg"
    />
  </div>
  <Dialog
    actions={
      Array [
        Object {
          "buttonText": "Ignore",
          "buttonVariant": "secondary",
          "callback": [Function],
          "id": "ignore",
        },
      ]
    }
    show={false}
    size="lg"
  >
    <h2>
      Upgrade to the latest app version
    </h2>
    <p>
      A new version of logion is available (
      0
      ) but your are currently using version 
      0
      .
    </p>
    <p>
      In order to get the latest version, please request a "hard-refresh" (i.e. clear your cache and refresh) to your browser now:
    </p>
    <p>
      <strong>
        PC users: Ctrl-F5
      </strong>
    </p>
    <p>
      <strong>
        Mac users: Cmd-Shift-R
      </strong>
    </p>
    <p>
      Staying up to date is important in order to benefit from functional and security fixes.
    </p>
    <p>
      What changed since last version:
    </p>
    <div
      dangerouslySetInnerHTML={
        Object {
          "__html": "",
        }
      }
    />
  </Dialog>
</div>
`;
