// Jest Snapshot v1, https://goo.gl/fbAQLP

exports[`renders 1`] = `
<div
  className="logo"
>
  <img
    alt="logo"
    height={100}
    src="/logo_black.png"
  />
</div>
`;
